---
source: crates/parser/src/lib.rs
expression: "&parse.debug_tree()"
---
Root@0..9
  Whitespace@0..1 " "
  Number@1..9
    Number@1..4 "123"
    Whitespace@4..9 "     "
