---
source: crates/parser/src/lib.rs
expression: "&parse.debug_tree()"
info:
  code: "\"\""
---
Root@0..2
  String@0..2
    String@0..2 "\"\""
