---
source: crates/parser/src/lib.rs
expression: "&parse.debug_tree()"
---
Root@0..6
  Number@0..6
    Number@0..3 "999"
    Whitespace@3..6 "   "
