---
source: crates/parser/src/lib.rs
expression: "&parse.debug_tree()"
info:
  code: "\n      f add(x, y) = x + y;\n    "
---
Root@0..32
  Whitespace@0..7 "\n      "
  NamedFunctionExpression@7..26
    Function@7..8 "f"
    Whitespace@8..9 " "
    Identifier@9..12 "add"
    ArgumentList@12..19
      LeftParenthesis@12..13 "("
      VariableReference@13..14
        Identifier@13..14 "x"
      Comma@14..15 ","
      Whitespace@15..16 " "
      VariableReference@16..17
        Identifier@16..17 "y"
      RightParenthesis@17..18 ")"
      Whitespace@18..19 " "
    Equals@19..20 "="
    Whitespace@20..21 " "
    InfixExpression@21..26
      VariableReference@21..23
        Identifier@21..22 "x"
        Whitespace@22..23 " "
      Plus@23..24 "+"
      Whitespace@24..25 " "
      VariableReference@25..26
        Identifier@25..26 "y"
  Semicolon@26..27 ";"
  Whitespace@27..32 "\n    "
