---
source: crates/parser/src/lib.rs
expression: "&parse.debug_tree()"
info:
  code: "true"
---
Root@0..4
  Boolean@0..4
    Boolean@0..4 "true"
