---
source: crates/parser/src/lib.rs
expression: "&parse.debug_tree()"
---
Root@0..3
  Number@0..3
    Number@0..3 "123"
