---
source: crates/parser/src/lib.rs
expression: "&parse.debug_tree()"
---
Root@0..7
  Whitespace@0..3 "   "
  Number@3..7
    Number@3..7 "9876"
