---
source: crates/parser/src/lib.rs
expression: "&parse.debug_tree()"
info:
  code: "\"hello\""
---
Root@0..7
  String@0..7
    String@0..7 "\"hello\""
