---
source: crates/parser/src/lib.rs
expression: "&parse.debug_tree()"
---
Root@0..15
  FunctionCallExpression@0..15
    ParenExpression@0..13
      LeftParenthesis@0..1 "("
      AnonymousFunctionExpression@1..12
        Function@1..2 "f"
        ArgumentList@2..5
          LeftParenthesis@2..3 "("
          RightParenthesis@3..4 ")"
          Whitespace@4..5 " "
        Equals@5..6 "="
        Whitespace@6..7 " "
        BlockExpression@7..12
          LeftBrace@7..8 "{"
          Whitespace@8..9 " "
          Number@9..11
            Number@9..10 "1"
            Whitespace@10..11 " "
          RightBrace@11..12 "}"
      RightParenthesis@12..13 ")"
    ArgumentList@13..15
      LeftParenthesis@13..14 "("
      RightParenthesis@14..15 ")"
