---
source: crates/parser/src/lib.rs
expression: "&parse.debug_tree()"
info:
  code: "-10"
---
Root@0..3
  PrefixExpression@0..3
    Minus@0..1 "-"
    Number@1..3
      Number@1..3 "10"
