---
source: crates/parser/src/lib.rs
expression: "&parse.debug_tree()"
info:
  code: aVariableName
---
Root@0..13
  VariableReference@0..13
    Identifier@0..13 "aVariableName"
