---
source: tests/compiler.rs
expression: "&output"
info:
  file: simple1.ds
---
const Person = name => ({ name: name });
const p = { name: 'duck' };
const greeting = 'hello, duck';
